>>> BaseGeometry = __import__("7-base_geometry").BaseGeometry

>>> bg = BaseGeometry()

>>> bg.integer_validator("name", "name")
Traceback (most recent call last):
...
TypeError: name must be an integer


>>> bg.integer_validator("name", -1)
Traceback (most recent call last):
...
ValueError: name must be greater than 0

>>> bg.integer_validator("name", 0)
Traceback (most recent call last):
...
ValueError: name must be greater than 0

