>>> BaseGeometry = __import__("7-base_geometry").BaseGeometry

>>> bg = BaseGeometry()

value string:
>>> bg.integer_validator("name", "name")
Traceback (most recent call last):
...
TypeError: name must be an integer

value negative:
>>> bg.integer_validator("name", -1)
Traceback (most recent call last):
...
ValueError: name must be greater than 0

value 0:
>>> bg.integer_validator("name", 0)
Traceback (most recent call last):
...
ValueError: name must be greater than 0

value float:
>>> bg.integer_validator("name", 2.45)
Traceback (most recent call last):
...
TypeError: name must be an integer

value inf:
>>> bg.integer_validator("name", float('inf'))
Traceback (most recent call last):
...
TypeError: name must be an integer

value None:
>>> bg.integer_validator("name", None)
Traceback (most recent call last):
...
TypeError: name must be an integer

value NaN:
>>> bg.integer_validator("name", Nan)
Traceback (most recent call last):
...
NameError: name 'Nan' is not defined

